// Jest Snapshot v1, https://goo.gl/fbAQLP

exports[`Test para el componente CategoryAdd Deberia mostrar el componente CategoryAdd 1`] = `
<form
  onSubmit={[Function]}
>
  <input
    onChange={[Function]}
    type="text"
    value=""
  />
</form>
`;
